// Jest Snapshot v1, https://goo.gl/fbAQLP

exports[`new time entry should render without crashing 1`] = `
<section
  className="new-time-entry"
>
  <button
    className="new-time-entry__button"
    onClick={[Function]}
    type="button"
  >
    +  New time entry
  </button>
  <h1
    className="new-time-entry-header"
  >
    New time entry
  </h1>
  <form
    className="
            new-entry-menu
            
          "
    onSubmit={[Function]}
  >
    <div
      className="new-entry-menu__box--full"
    >
      <label
        className="new-entry-menu__label"
        htmlFor="employer"
      >
        EMPLOYER
        <input
          className="
                  new-entry-menu__input
                  new-entry-menu__input--full
                  new-entry-menu__input--valid
                "
          id="employer"
          name="client"
          onBlur={[Function]}
          onChange={[Function]}
          placeholder="Port of Rotterdam"
          required={true}
          title="Please submit an employer"
          type="text"
          value=""
        />
      </label>
    </div>
    <div
      className="new-entry-menu__box--full"
    >
      <label
        className="new-entry-menu__label"
        htmlFor="activity"
      >
        ACTIVITY
        <input
          className="
                  new-entry-menu__input
                  new-entry-menu__input--full
                  new-entry-menu__input--valid
                "
          id="activity"
          name="activity"
          onBlur={[Function]}
          onChange={[Function]}
          placeholder="Design"
          required={true}
          title="Please submit an activity"
          type="text"
          value=""
        />
      </label>
    </div>
    <div
      className="new-entry-menu__box--half"
    >
      <label
        className="new-entry-menu__label"
        htmlFor="date"
      >
        DATE
        <input
          className="
                  new-entry-menu__input
                  new-entry-menu__input--half
                  new-entry-menu__input--valid
                "
          id="date"
          name="date"
          onBlur={[Function]}
          onChange={[Function]}
          pattern="[0-3]{1}[0-9]{1}[-]{1}[0-1]{1}[0-9]{1}[-]{1}[2]{1}[0-9]{3}"
          placeholder="29-07-2018"
          required={true}
          title="DD-MM-YYYY"
          type="text"
          value=""
        />
      </label>
    </div>
    <div
      className="two-boxes-inline"
    >
      <div
        className="new-entry-menu__box--quarter"
      >
        <label
          className="new-entry-menu__label"
          htmlFor="startTime"
        >
          FROM
          <input
            className="
                    new-entry-menu__input
                    new-entry-menu__input--quarter
                    new-entry-menu__input--valid
                  "
            id="startTime"
            name="startTime"
            onBlur={[Function]}
            onChange={[Function]}
            pattern="^(?:0?[0-9]|1[0-9]|2[0-3])[./:][0-5][0-9]"
            placeholder="9:00"
            required={true}
            title="HH:MM"
            type="text"
            value=""
          />
        </label>
      </div>
      <div
        className="new-entry-menu__box--quarter"
      >
        <label
          className="new-entry-menu__label"
          htmlFor="stopTime"
        >
          TO
          <input
            className="
                    new-entry-menu__input
                    new-entry-menu__input--quarter
                    new-entry-menu__input--valid
                  "
            id="stopTime"
            name="stopTime"
            onBlur={[Function]}
            onChange={[Function]}
            pattern="^(?:0?[0-9]|1[0-9]|2[0-3])[./:][0-5][0-9]"
            placeholder="17:00"
            required={true}
            title="HH:MM"
            type="text"
            value=""
          />
        </label>
      </div>
    </div>
    <button
      className="
              new-entry-menu__add-button
              new-entry-menu__add-button--invalid
            "
      type="submit"
    >
      Add
    </button>
    <button
      className="new-entry-menu__close-button"
      onClick={[Function]}
      type="button"
    />
  </form>
</section>
`;
